2026-04-30 00:50:29,072 - sign_language - INFO - [info]Output directory: ./data/test[/info]
2026-04-30 01:03:49,536 - sign_language - INFO - [info]Output directory: ./data/train/images[/info]
2026-04-30 01:04:50,693 - sign_language - INFO - [info]Pausing 15 seconds before next class...[/info]
2026-04-30 01:06:12,504 - sign_language - INFO - [info]Output directory: ./data/train/images[/info]
2026-04-30 01:06:19,644 - sign_language - INFO - [info]Pausing 15 seconds before next class...[/info]
2026-04-30 01:06:30,726 - sign_language - WARNING - [warning]Quit key pressed -- stopping session.[/warning]
2026-04-30 01:06:31,028 - sign_language - INFO - [info]Camera released and windows closed[/info]
2026-04-30 01:07:50,938 - sign_language - INFO - [info]Output directory: ./data/train/images[/info]
2026-04-30 01:07:58,143 - sign_language - INFO - [info]Pausing 15 seconds before next class...[/info]
2026-04-30 01:08:20,144 - sign_language - INFO - [info]Pausing 15 seconds before next class...[/info]
2026-04-30 01:08:42,202 - sign_language - INFO - [info]Pausing 15 seconds before next class...[/info]
2026-04-30 01:09:04,167 - sign_language - INFO - [info]Pausing 15 seconds before next class...[/info]
2026-04-30 01:09:26,186 - sign_language - INFO - [info]Pausing 15 seconds before next class...[/info]
2026-04-30 01:09:48,192 - sign_language - INFO - [info]Pausing 15 seconds before next class...[/info]
2026-04-30 01:10:10,196 - sign_language - INFO - [info]Pausing 15 seconds before next class...[/info]
2026-04-30 01:10:32,224 - sign_language - INFO - [info]Pausing 15 seconds before next class...[/info]
2026-04-30 01:10:54,211 - sign_language - INFO - [info]Pausing 15 seconds before next class...[/info]
2026-04-30 01:11:16,117 - sign_language - INFO - [info]Pausing 15 seconds before next class...[/info]
2026-04-30 01:13:32,459 - sign_language - INFO - [info]Output directory: ./data/train/images[/info]
2026-04-30 01:13:39,660 - sign_language - INFO - [info]Pausing 15 seconds before next class...[/info]
2026-04-30 01:14:01,765 - sign_language - INFO - [info]Pausing 15 seconds before next class...[/info]
2026-04-30 01:14:23,818 - sign_language - INFO - [info]Pausing 15 seconds before next class...[/info]
2026-04-30 01:14:45,863 - sign_language - INFO - [info]Pausing 15 seconds before next class...[/info]
2026-04-30 01:16:12,116 - sign_language - INFO - [info]Output directory: ./data/train/images[/info]
2026-04-30 01:16:19,449 - sign_language - INFO - [info]Pausing 15 seconds before next class...[/info]
2026-04-30 01:16:41,806 - sign_language - INFO - [info]Pausing 15 seconds before next class...[/info]
2026-04-30 01:17:04,112 - sign_language - INFO - [info]Pausing 15 seconds before next class...[/info]
2026-04-30 01:17:26,504 - sign_language - INFO - [info]Pausing 15 seconds before next class...[/info]
2026-04-30 01:17:48,885 - sign_language - INFO - [info]Pausing 15 seconds before next class...[/info]
2026-04-30 01:17:57,574 - sign_language - WARNING - [warning]Quit key pressed -- stopping session.[/warning]
2026-04-30 01:17:57,878 - sign_language - INFO - [info]Camera released and windows closed[/info]
2026-04-30 01:18:58,768 - sign_language - INFO - [info]Output directory: ./data/train/images[/info]
2026-04-30 01:19:06,093 - sign_language - INFO - [info]Pausing 15 seconds before next class...[/info]
2026-04-30 01:19:28,307 - sign_language - INFO - [info]Pausing 15 seconds before next class...[/info]
2026-04-30 01:19:50,283 - sign_language - INFO - [info]Pausing 15 seconds before next class...[/info]
2026-04-30 01:19:59,735 - sign_language - WARNING - [warning]Quit key pressed -- stopping session.[/warning]
2026-04-30 01:20:00,039 - sign_language - INFO - [info]Camera released and windows closed[/info]
2026-04-30 01:20:48,757 - sign_language - INFO - [info]Output directory: ./data/train/images[/info]
2026-04-30 01:20:56,127 - sign_language - INFO - [info]Pausing 15 seconds before next class...[/info]
2026-04-30 01:21:04,138 - sign_language - WARNING - [warning]Quit key pressed -- stopping session.[/warning]
2026-04-30 01:21:04,442 - sign_language - INFO - [info]Camera released and windows closed[/info]
2026-04-30 01:22:44,252 - sign_language - INFO - [info]Output directory: ./data/train/images[/info]
2026-04-30 01:22:51,568 - sign_language - INFO - [info]Pausing 15 seconds before next class...[/info]
2026-04-30 01:23:13,546 - sign_language - INFO - [info]Pausing 15 seconds before next class...[/info]
2026-04-30 01:23:35,694 - sign_language - INFO - [info]Pausing 15 seconds before next class...[/info]
2026-04-30 01:23:57,729 - sign_language - INFO - [info]Pausing 15 seconds before next class...[/info]
2026-04-30 01:23:59,493 - sign_language - WARNING - [warning]Quit key pressed -- stopping session.[/warning]
2026-04-30 01:23:59,792 - sign_language - INFO - [info]Camera released and windows closed[/info]
2026-04-30 01:25:46,311 - sign_language - INFO - [info]Output directory: ./data/train/images[/info]
2026-04-30 01:25:53,565 - sign_language - INFO - [info]Pausing 15 seconds before next class...[/info]
2026-04-30 01:26:15,633 - sign_language - INFO - [info]Pausing 15 seconds before next class...[/info]
2026-04-30 01:26:18,700 - sign_language - WARNING - [warning]Quit key pressed -- stopping session.[/warning]
2026-04-30 01:26:18,997 - sign_language - INFO - [info]Camera released and windows closed[/info]
2026-04-30 01:28:26,607 - sign_language - INFO - [info]Output directory: ./data/train/images[/info]
2026-04-30 01:28:33,859 - sign_language - INFO - [info]Pausing 15 seconds before next class...[/info]
2026-04-30 01:28:56,183 - sign_language - INFO - [info]Pausing 15 seconds before next class...[/info]
2026-04-30 01:29:18,519 - sign_language - INFO - [info]Pausing 15 seconds before next class...[/info]
2026-04-30 01:29:40,852 - sign_language - INFO - [info]Pausing 15 seconds before next class...[/info]
2026-04-30 01:30:03,169 - sign_language - INFO - [info]Pausing 15 seconds before next class...[/info]
2026-04-30 01:30:10,332 - sign_language - WARNING - [warning]Quit key pressed -- stopping session.[/warning]
2026-04-30 01:30:10,619 - sign_language - INFO - [info]Camera released and windows closed[/info]
2026-04-30 01:34:12,397 - sign_language - INFO - [info]Output directory: ./data/train/images[/info]
2026-04-30 01:34:19,795 - sign_language - INFO - [info]Pausing 15 seconds before next class...[/info]
2026-04-30 01:34:23,413 - sign_language - WARNING - [warning]Quit key pressed -- stopping session.[/warning]
2026-04-30 01:34:23,705 - sign_language - INFO - [info]Camera released and windows closed[/info]
2026-04-30 01:35:09,599 - sign_language - INFO - [info]Output directory: ./data/train/images[/info]
2026-04-30 01:35:16,878 - sign_language - INFO - [info]Pausing 15 seconds before next class...[/info]
2026-04-30 01:35:21,422 - sign_language - WARNING - [warning]Quit key pressed -- stopping session.[/warning]
2026-04-30 01:35:21,719 - sign_language - INFO - [info]Camera released and windows closed[/info]
2026-04-30 01:37:39,869 - sign_language - INFO - [info]Output directory: ./data/train/images[/info]
2026-04-30 01:37:47,286 - sign_language - INFO - [info]Pausing 15 seconds before next class...[/info]
2026-04-30 01:38:09,379 - sign_language - INFO - [info]Pausing 15 seconds before next class...[/info]
2026-04-30 01:38:12,872 - sign_language - WARNING - [warning]Quit key pressed -- stopping session.[/warning]
2026-04-30 01:38:13,165 - sign_language - INFO - [info]Camera released and windows closed[/info]
2026-04-30 01:41:14,784 - sign_language - INFO - [info]Output directory: ./data/train/images[/info]
2026-04-30 01:41:21,994 - sign_language - INFO - [info]Pausing 15 seconds before next class...[/info]
2026-04-30 01:41:44,107 - sign_language - INFO - [info]Pausing 15 seconds before next class...[/info]
2026-04-30 01:41:48,718 - sign_language - WARNING - [warning]Quit key pressed -- stopping session.[/warning]
2026-04-30 01:41:49,017 - sign_language - INFO - [info]Camera released and windows closed[/info]
2026-04-30 01:43:49,055 - sign_language - INFO - [info]Output directory: ./data/train/images[/info]
2026-04-30 01:43:56,458 - sign_language - INFO - [info]Pausing 15 seconds before next class...[/info]
2026-04-30 01:44:00,400 - sign_language - WARNING - [warning]Quit key pressed -- stopping session.[/warning]
2026-04-30 01:44:00,698 - sign_language - INFO - [info]Camera released and windows closed[/info]
2026-04-30 01:44:17,493 - sign_language - INFO - [info]Output directory: ./data/train/images[/info]
2026-04-30 01:44:24,876 - sign_language - INFO - [info]Pausing 15 seconds before next class...[/info]
2026-04-30 01:44:29,291 - sign_language - WARNING - [warning]Quit key pressed -- stopping session.[/warning]
2026-04-30 01:44:29,633 - sign_language - INFO - [info]Camera released and windows closed[/info]
