2026-04-30 00:13:55,779 - sign_language - INFO - [info]Output directory: ./data/test[/info]
2026-04-30 00:17:20,961 - sign_language - WARNING - [warning]Quit key pressed — stopping capture session.[/warning]
2026-04-30 00:17:20,964 - sign_language - INFO - [info]Per-class summary:[/info]
2026-04-30 00:17:20,965 - sign_language - INFO - [info]  S: 0/20[/info]
2026-04-30 00:17:20,965 - sign_language - INFO - [info]  o: 0/20[/info]
2026-04-30 00:17:20,966 - sign_language - INFO - [info]  m: 0/20[/info]
2026-04-30 00:17:20,966 - sign_language - INFO - [info]  e: 0/20[/info]
2026-04-30 00:17:20,967 - sign_language - INFO - [info]  t: 0/20[/info]
2026-04-30 00:17:20,968 - sign_language - INFO - [info]  h: 0/20[/info]
2026-04-30 00:17:20,968 - sign_language - INFO - [info]  i: 0/20[/info]
2026-04-30 00:17:20,969 - sign_language - INFO - [info]  n: 0/20[/info]
2026-04-30 00:17:20,969 - sign_language - INFO - [info]  g: 0/20[/info]
2026-04-30 00:17:20,970 - sign_language - INFO - [info]   : 0/20[/info]
2026-04-30 00:17:20,971 - sign_language - INFO - [info]  w: 0/20[/info]
2026-04-30 00:17:20,971 - sign_language - INFO - [info]  r: 0/20[/info]
2026-04-30 00:17:20,972 - sign_language - INFO - [info]  l: 0/20[/info]
2026-04-30 00:17:20,973 - sign_language - INFO - [info]  a: 0/20[/info]
2026-04-30 00:17:20,973 - sign_language - INFO - [info]  d: 0/20[/info]
2026-04-30 00:17:20,974 - sign_language - INFO - [info]  y: 0/20[/info]
2026-04-30 00:17:20,974 - sign_language - INFO - [info]  u: 0/20[/info]
2026-04-30 00:17:20,975 - sign_language - INFO - [info]  c: 0/20[/info]
2026-04-30 00:17:20,976 - sign_language - INFO - [info]  f: 0/20[/info]
2026-04-30 00:17:20,976 - sign_language - INFO - [info]  :: 0/20[/info]
2026-04-30 00:17:20,977 - sign_language - INFO - [info]  [: 0/20[/info]
2026-04-30 00:17:20,977 - sign_language - INFO - [info]  E: 0/20[/info]
2026-04-30 00:17:20,978 - sign_language - INFO - [info]  2: 0/20[/info]
2026-04-30 00:17:20,980 - sign_language - INFO - [info]  ]: 0/20[/info]
2026-04-30 00:17:20,980 - sign_language - INFO - [info]  N: 0/20[/info]
2026-04-30 00:17:20,981 - sign_language - INFO - [info]  s: 0/20[/info]
2026-04-30 00:17:20,982 - sign_language - INFO - [info]  ': 0/20[/info]
2026-04-30 00:17:20,982 - sign_language - INFO - [info]  /: 0/20[/info]
2026-04-30 00:17:20,983 - sign_language - INFO - [info]  .: 0/20[/info]
2026-04-30 00:17:20,984 - sign_language - INFO - [info]  j: 0/20[/info]
2026-04-30 00:17:21,282 - sign_language - INFO - [info]Camera released and windows closed[/info]
2026-04-30 00:23:50,747 - sign_language - INFO - [info]Output directory: ./data/test[/info]
2026-04-30 00:24:19,724 - sign_language - WARNING - [warning]Quit key pressed — stopping capture session.[/warning]
2026-04-30 00:24:19,726 - sign_language - INFO - [info]Per-class summary:[/info]
2026-04-30 00:24:19,727 - sign_language - INFO - [info]  S: 0/20[/info]
2026-04-30 00:24:19,727 - sign_language - INFO - [info]  o: 0/20[/info]
2026-04-30 00:24:19,728 - sign_language - INFO - [info]  m: 0/20[/info]
2026-04-30 00:24:19,728 - sign_language - INFO - [info]  e: 0/20[/info]
2026-04-30 00:24:19,729 - sign_language - INFO - [info]  t: 0/20[/info]
2026-04-30 00:24:19,730 - sign_language - INFO - [info]  h: 0/20[/info]
2026-04-30 00:24:19,730 - sign_language - INFO - [info]  i: 0/20[/info]
2026-04-30 00:24:19,731 - sign_language - INFO - [info]  n: 0/20[/info]
2026-04-30 00:24:19,731 - sign_language - INFO - [info]  g: 0/20[/info]
2026-04-30 00:24:19,732 - sign_language - INFO - [info]   : 0/20[/info]
2026-04-30 00:24:19,732 - sign_language - INFO - [info]  w: 0/20[/info]
2026-04-30 00:24:19,733 - sign_language - INFO - [info]  r: 0/20[/info]
2026-04-30 00:24:19,733 - sign_language - INFO - [info]  l: 0/20[/info]
2026-04-30 00:24:19,734 - sign_language - INFO - [info]  a: 0/20[/info]
2026-04-30 00:24:19,735 - sign_language - INFO - [info]  d: 0/20[/info]
2026-04-30 00:24:19,735 - sign_language - INFO - [info]  y: 0/20[/info]
2026-04-30 00:24:19,736 - sign_language - INFO - [info]  u: 0/20[/info]
2026-04-30 00:24:19,737 - sign_language - INFO - [info]  c: 0/20[/info]
2026-04-30 00:24:19,737 - sign_language - INFO - [info]  f: 0/20[/info]
2026-04-30 00:24:19,738 - sign_language - INFO - [info]  :: 0/20[/info]
2026-04-30 00:24:19,739 - sign_language - INFO - [info]  [: 0/20[/info]
2026-04-30 00:24:19,739 - sign_language - INFO - [info]  E: 0/20[/info]
2026-04-30 00:24:19,740 - sign_language - INFO - [info]  2: 0/20[/info]
2026-04-30 00:24:19,741 - sign_language - INFO - [info]  ]: 0/20[/info]
2026-04-30 00:24:19,742 - sign_language - INFO - [info]  N: 0/20[/info]
2026-04-30 00:24:19,743 - sign_language - INFO - [info]  s: 0/20[/info]
2026-04-30 00:24:19,743 - sign_language - INFO - [info]  ': 0/20[/info]
2026-04-30 00:24:19,744 - sign_language - INFO - [info]  /: 0/20[/info]
2026-04-30 00:24:19,745 - sign_language - INFO - [info]  .: 0/20[/info]
2026-04-30 00:24:19,745 - sign_language - INFO - [info]  j: 0/20[/info]
2026-04-30 00:24:20,056 - sign_language - INFO - [info]Camera released and windows closed[/info]
2026-04-30 00:27:00,889 - sign_language - INFO - [info]Output directory: ./data/test[/info]
2026-04-30 00:28:56,888 - sign_language - INFO - [info]Moving to next sign: 'o'[/info]
2026-04-30 00:31:26,563 - sign_language - WARNING - [warning]Quit key pressed — stopping capture session.[/warning]
2026-04-30 00:31:26,565 - sign_language - INFO - [info]Per-class summary:[/info]
2026-04-30 00:31:26,566 - sign_language - INFO - [info]  S: 20/20[/info]
2026-04-30 00:31:26,566 - sign_language - INFO - [info]  o: 20/20[/info]
2026-04-30 00:31:26,567 - sign_language - INFO - [info]  m: 0/20[/info]
2026-04-30 00:31:26,567 - sign_language - INFO - [info]  e: 0/20[/info]
2026-04-30 00:31:26,568 - sign_language - INFO - [info]  t: 0/20[/info]
2026-04-30 00:31:26,568 - sign_language - INFO - [info]  h: 0/20[/info]
2026-04-30 00:31:26,569 - sign_language - INFO - [info]  i: 0/20[/info]
2026-04-30 00:31:26,569 - sign_language - INFO - [info]  n: 0/20[/info]
2026-04-30 00:31:26,570 - sign_language - INFO - [info]  g: 0/20[/info]
2026-04-30 00:31:26,570 - sign_language - INFO - [info]   : 0/20[/info]
2026-04-30 00:31:26,571 - sign_language - INFO - [info]  w: 0/20[/info]
2026-04-30 00:31:26,571 - sign_language - INFO - [info]  r: 0/20[/info]
2026-04-30 00:31:26,572 - sign_language - INFO - [info]  l: 0/20[/info]
2026-04-30 00:31:26,573 - sign_language - INFO - [info]  a: 0/20[/info]
2026-04-30 00:31:26,573 - sign_language - INFO - [info]  d: 0/20[/info]
2026-04-30 00:31:26,574 - sign_language - INFO - [info]  y: 0/20[/info]
2026-04-30 00:31:26,574 - sign_language - INFO - [info]  u: 0/20[/info]
2026-04-30 00:31:26,575 - sign_language - INFO - [info]  c: 0/20[/info]
2026-04-30 00:31:26,576 - sign_language - INFO - [info]  f: 0/20[/info]
2026-04-30 00:31:26,576 - sign_language - INFO - [info]  :: 0/20[/info]
2026-04-30 00:31:26,577 - sign_language - INFO - [info]  [: 0/20[/info]
2026-04-30 00:31:26,577 - sign_language - INFO - [info]  E: 0/20[/info]
2026-04-30 00:31:26,578 - sign_language - INFO - [info]  2: 0/20[/info]
2026-04-30 00:31:26,579 - sign_language - INFO - [info]  ]: 0/20[/info]
2026-04-30 00:31:26,581 - sign_language - INFO - [info]  N: 0/20[/info]
2026-04-30 00:31:26,583 - sign_language - INFO - [info]  s: 0/20[/info]
2026-04-30 00:31:26,584 - sign_language - INFO - [info]  ': 0/20[/info]
2026-04-30 00:31:26,584 - sign_language - INFO - [info]  /: 0/20[/info]
2026-04-30 00:31:26,585 - sign_language - INFO - [info]  .: 0/20[/info]
2026-04-30 00:31:26,585 - sign_language - INFO - [info]  j: 0/20[/info]
2026-04-30 00:31:26,880 - sign_language - INFO - [info]Camera released and windows closed[/info]
2026-04-30 00:39:21,415 - sign_language - INFO - [info]Output directory: ./data/test[/info]
2026-04-30 00:43:05,478 - sign_language - WARNING - [warning]Quit key pressed -- stopping session.[/warning]
2026-04-30 00:43:05,481 - sign_language - INFO - [info]Per-class summary:[/info]
2026-04-30 00:43:05,482 - sign_language - INFO - [info]  S: 0/20[/info]
2026-04-30 00:43:05,483 - sign_language - INFO - [info]  o: 0/20[/info]
2026-04-30 00:43:05,484 - sign_language - INFO - [info]  m: 0/20[/info]
2026-04-30 00:43:05,484 - sign_language - INFO - [info]  e: 0/20[/info]
2026-04-30 00:43:05,485 - sign_language - INFO - [info]  t: 0/20[/info]
2026-04-30 00:43:05,486 - sign_language - INFO - [info]  h: 0/20[/info]
2026-04-30 00:43:05,486 - sign_language - INFO - [info]  i: 0/20[/info]
2026-04-30 00:43:05,487 - sign_language - INFO - [info]  n: 0/20[/info]
2026-04-30 00:43:05,488 - sign_language - INFO - [info]  g: 0/20[/info]
2026-04-30 00:43:05,489 - sign_language - INFO - [info]   : 0/20[/info]
2026-04-30 00:43:05,490 - sign_language - INFO - [info]  w: 0/20[/info]
2026-04-30 00:43:05,491 - sign_language - INFO - [info]  r: 0/20[/info]
2026-04-30 00:43:05,492 - sign_language - INFO - [info]  l: 0/20[/info]
2026-04-30 00:43:05,494 - sign_language - INFO - [info]  a: 0/20[/info]
2026-04-30 00:43:05,495 - sign_language - INFO - [info]  d: 0/20[/info]
2026-04-30 00:43:05,496 - sign_language - INFO - [info]  y: 0/20[/info]
2026-04-30 00:43:05,497 - sign_language - INFO - [info]  u: 0/20[/info]
2026-04-30 00:43:05,498 - sign_language - INFO - [info]  c: 0/20[/info]
2026-04-30 00:43:05,499 - sign_language - INFO - [info]  f: 0/20[/info]
2026-04-30 00:43:05,500 - sign_language - INFO - [info]  :: 0/20[/info]
2026-04-30 00:43:05,501 - sign_language - INFO - [info]  [: 0/20[/info]
2026-04-30 00:43:05,502 - sign_language - INFO - [info]  E: 0/20[/info]
2026-04-30 00:43:05,503 - sign_language - INFO - [info]  2: 0/20[/info]
2026-04-30 00:43:05,504 - sign_language - INFO - [info]  ]: 0/20[/info]
2026-04-30 00:43:05,506 - sign_language - INFO - [info]  N: 0/20[/info]
2026-04-30 00:43:05,508 - sign_language - INFO - [info]  s: 0/20[/info]
2026-04-30 00:43:05,509 - sign_language - INFO - [info]  ': 0/20[/info]
2026-04-30 00:43:05,511 - sign_language - INFO - [info]  /: 0/20[/info]
2026-04-30 00:43:05,512 - sign_language - INFO - [info]  .: 0/20[/info]
2026-04-30 00:43:05,513 - sign_language - INFO - [info]  j: 0/20[/info]
2026-04-30 00:43:05,816 - sign_language - INFO - [info]Camera released and windows closed[/info]
2026-04-30 00:47:21,196 - sign_language - INFO - [info]Output directory: ./data/test[/info]
2026-04-30 00:47:41,865 - sign_language - INFO - [info]Pausing 15 seconds before next class...[/info]
2026-04-30 00:48:04,148 - sign_language - WARNING - [warning]Quit key pressed - stopping capture[/warning]
2026-04-30 00:48:07,184 - sign_language - WARNING - [warning]Quit key pressed - stopping capture[/warning]
2026-04-30 00:48:08,195 - sign_language - WARNING - [warning]Quit key pressed - stopping capture[/warning]
2026-04-30 00:48:09,213 - sign_language - WARNING - [warning]Quit key pressed - stopping capture[/warning]
